-------------------------------------------------------------------------------------------------------
      name:  <unnamed>
       log:  C:\Users\dibbo\Dropbox\Debiasing Police in India\005-Data-and-analysis-2022\03 Randomisati
> on\01.Officer-Survey_Randomization\motihari-randomization\05.log-files\randomisation_saran.log
  log type:  text
 opened on:  26 Jun 2024, 17:48:06

. 
. * We will add this line from time to time if the program takes time to compute or uses a lot of loops
. noisily display as text "The date is " as result "--$S_DATE--" as text " and the time is " as result 
> "--$S_TIME
The date is --26 Jun 2024-- and the time is --17:48:06

. 
. 
. **Preparing the Dataset 
. 
. * Loading the merged baseline for Nalanda
. use "$source\1009_saran-merged.dta"

. 
. tab po_grandtotal, missing // No missing values

      Total |
   Officers |
Strength in |
     the PS |
    (Strata |
  Variable) |      Freq.     Percent        Cum.
------------+-----------------------------------
          6 |          5        1.48        1.48
          8 |          4        1.19        2.67
         13 |         13        3.86        6.53
         14 |         20        5.93       12.46
         15 |         12        3.56       16.02
         16 |         14        4.15       20.18
         17 |         21        6.23       26.41
         18 |         14        4.15       30.56
         20 |         21        6.23       36.80
         21 |         13        3.86       40.65
         22 |          5        1.48       42.14
         23 |          9        2.67       44.81
         24 |         11        3.26       48.07
         25 |          8        2.37       50.45
         26 |         18        5.34       55.79
         27 |         19        5.64       61.42
         28 |          9        2.67       64.09
         32 |         10        2.97       67.06
         34 |         27        8.01       75.07
         36 |         15        4.45       79.53
         39 |         15        4.45       83.98
         40 |         15        4.45       88.43
         46 |         11        3.26       91.69
         53 |          8        2.37       94.07
         63 |         20        5.93      100.00
------------+-----------------------------------
      Total |        337      100.00

. 
. egen mean_officers = mean(po_grandtotal)

. egen median_officers = median(po_grandtotal)

. gen above_median_officers=(po_grandtotal>=median_officers)

. 
. 
. unique ps_dist_id if above_median_officers == 1
Number of unique values of ps_dist_id is  15
Number of records is  175

. unique ps_dist_id if above_median_officers == 0 
Number of unique values of ps_dist_id is  21
Number of records is  162

. //We have 15 PS with above median number of Police Officers and 21 PS with below median Police Office
> rs strength. 
. 
. save "${intermediate_dta}1009_saran-merged_prep.dta", replace
(file C:\Users\dibbo\Dropbox\Debiasing Police in India\005-Data-and-analysis-2022\03
    Randomisation\01.Officer-Survey_Randomization\motihari-randomization\02.intermediate-data\1009_sa
    > ran-merged_prep.dta not found)
file C:\Users\dibbo\Dropbox\Debiasing Police in India\005-Data-and-analysis-2022\03
    Randomisation\01.Officer-Survey_Randomization\motihari-randomization\02.intermediate-data\1009_sa
    > ran-merged_prep.dta saved

. 
. collapse (mean) above_median_officers, by ( ps_dist_id)

. rename  above_median_officers strata

. 
. 
. *2. Randomization of stations
. set seed 68200923

. gen random = uniform()

. egen ordem = rank(random), by (strata) unique 

. egen n_obs = count(random), by (strata)

. gen cutoff = n_obs*(1/2)

. gen cutoffA = round(cutoff)

. gen T = (ordem<= cutoffA)

. 
. save "${intermediate_dta}randomization_saran.dta", replace
(file C:\Users\dibbo\Dropbox\Debiasing Police in India\005-Data-and-analysis-2022\03
    Randomisation\01.Officer-Survey_Randomization\motihari-randomization\02.intermediate-data\randomi
    > zation_saran.dta not found)
file C:\Users\dibbo\Dropbox\Debiasing Police in India\005-Data-and-analysis-2022\03
    Randomisation\01.Officer-Survey_Randomization\motihari-randomization\02.intermediate-data\randomi
    > zation_saran.dta saved

. 
. tab T strata

           |        (mean)
           | above_median_officers
         T |         0          1 |     Total
-----------+----------------------+----------
         0 |        10          7 |        17 
         1 |        11          8 |        19 
-----------+----------------------+----------
     Total |        21         15 |        36 

. 
end of do-file

. exit, clear
