-------------------------------------------------------------------------------------------------------
      name:  <unnamed>
       log:  C:\Users\dibbo\Dropbox\Debiasing Police in India\005-Data-and-analysis-2022\03 Randomisati
> on\01.Officer-Survey_Randomization\siwan-randomization\05.log-files\randomisation_siwan.log
  log type:  text
 opened on:  26 Jun 2024, 17:44:06

. 
. * We will add this line from time to time if the program takes time to compute or uses a lot of loops
. noisily display as text "The date is " as result "--$S_DATE--" as text " and the time is " as result 
> "--$S_TIME
The date is --26 Jun 2024-- and the time is --17:44:06

. 
. 
. **Preparing the Dataset 
. 
. * Loading the merged baseline for Bhojpur
. use "$source\1011_siwan-merged.dta"

. 
. tab po_grandtotal, missing // No missing values

      Total |
   Officers |
Strength in |
     the PS |
    (Strata |
  Variable) |      Freq.     Percent        Cum.
------------+-----------------------------------
          2 |          2        0.91        0.91
         10 |          6        2.73        3.64
         11 |         17        7.73       11.36
         12 |         12        5.45       16.82
         13 |         12        5.45       22.27
         15 |         22       10.00       32.27
         16 |         25       11.36       43.64
         18 |          6        2.73       46.36
         20 |          8        3.64       50.00
         22 |          8        3.64       53.64
         24 |         29       13.18       66.82
         25 |          9        4.09       70.91
         27 |          6        2.73       73.64
         29 |          5        2.27       75.91
         34 |          8        3.64       79.55
         35 |          9        4.09       83.64
         47 |         23       10.45       94.09
         48 |         13        5.91      100.00
------------+-----------------------------------
      Total |        220      100.00

. 
. egen mean_officers = mean(po_grandtotal)

. egen median_officers = median(po_grandtotal)

. gen above_median_officers=(po_grandtotal>=median_officers)

. * We have on average 23.84 officers per station. The median is 21 officers. 
. * We have 28 stations. 13 PS should fall above the median, 15 should fall below the median.
. 
. unique ps_dist_id if above_median_officers == 1
Number of unique values of ps_dist_id is  11
Number of records is  110

. unique ps_dist_id if above_median_officers == 0 
Number of unique values of ps_dist_id is  17
Number of records is  110

. //We have 11 PS with above median number of Police Officers and 17 PS with below median Police Office
> rs strength. 
. 
. save "${intermediate_dta}1011_siwan-merged_prep.dta", replace
(file C:\Users\dibbo\Dropbox\Debiasing Police in India\005-Data-and-analysis-2022\03
    Randomisation\01.Officer-Survey_Randomization\siwan-randomization\02.intermediate-data\1011_siwan
    > -merged_prep.dta not found)
file C:\Users\dibbo\Dropbox\Debiasing Police in India\005-Data-and-analysis-2022\03
    Randomisation\01.Officer-Survey_Randomization\siwan-randomization\02.intermediate-data\1011_siwan
    > -merged_prep.dta saved

. 
. collapse (mean) above_median_officers, by ( ps_dist_id)

. rename  above_median_officers strata

. 
. 
. *2. Randomization of stations
. set seed 68200923

. gen random = uniform()

. egen ordem = rank(random), by (strata) unique 

. egen n_obs = count(random), by (strata)

. gen cutoff = n_obs*(1/2)

. gen cutoffA = round(cutoff)

. gen T = (ordem<= cutoffA)

. 
. save "${intermediate_dta}randomization_siwan.dta", replace
(file C:\Users\dibbo\Dropbox\Debiasing Police in India\005-Data-and-analysis-2022\03
    Randomisation\01.Officer-Survey_Randomization\siwan-randomization\02.intermediate-data\randomizat
    > ion_siwan.dta not found)
file C:\Users\dibbo\Dropbox\Debiasing Police in India\005-Data-and-analysis-2022\03
    Randomisation\01.Officer-Survey_Randomization\siwan-randomization\02.intermediate-data\randomizat
    > ion_siwan.dta saved

. 
. tab T strata

           |        (mean)
           | above_median_officers
         T |         0          1 |     Total
-----------+----------------------+----------
         0 |         8          5 |        13 
         1 |         9          6 |        15 
-----------+----------------------+----------
     Total |        17         11 |        28 

. 
end of do-file

. exit, clear
