-------------------------------------------------------------------------------------------------------
      name:  <unnamed>
       log:  C:\Users\dibbo\Dropbox\Debiasing Police in India\005-Data-and-analysis-2022\03 Randomisati
> on\01.Officer-Survey_Randomization\vaishali-randomization\05.log-files\randomisation_vaishali.log
  log type:  text
 opened on:  26 Jun 2024, 17:44:49

. 
. * We will add this line from time to time if the program takes time to compute or uses a lot of loops
. noisily display as text "The date is " as result "--$S_DATE--" as text " and the time is " as result 
> "--$S_TIME
The date is --26 Jun 2024-- and the time is --17:44:49

. 
. 
. **Preparing the Dataset 
. 
. * Loading the merged baseline for Bhojpur
. use "$source\1012_vaishali-merged.dta"

. 
. tab po_grandtotal, missing // No missing values

      Total |
   Officers |
Strength in |
     the PS |
    (Strata |
  Variable) |      Freq.     Percent        Cum.
------------+-----------------------------------
         11 |          5        2.11        2.11
         14 |          6        2.53        4.64
         15 |         13        5.49       10.13
         16 |         13        5.49       15.61
         20 |         15        6.33       21.94
         21 |         17        7.17       29.11
         23 |         21        8.86       37.97
         24 |         16        6.75       44.73
         25 |         13        5.49       50.21
         27 |         16        6.75       56.96
         28 |         12        5.06       62.03
         29 |          8        3.38       65.40
         30 |          9        3.80       69.20
         31 |          8        3.38       72.57
         33 |         18        7.59       80.17
         43 |         14        5.91       86.08
         52 |         33       13.92      100.00
------------+-----------------------------------
      Total |        237      100.00

. 
. egen mean_officers = mean(po_grandtotal)

. egen median_officers = median(po_grandtotal)

. gen above_median_officers=(po_grandtotal>=median_officers)

. * We have on average 28.78 officers per station. The median is 25 officers. 
. * We have 27 stations. 13 PS should fall above the median, 14 should fall below the median.
. 
. unique ps_dist_id if above_median_officers == 1
Number of unique values of ps_dist_id is  12
Number of records is  131

. unique ps_dist_id if above_median_officers == 0 
Number of unique values of ps_dist_id is  15
Number of records is  106

. //We have 12 PS with above median number of Police Officers and 15 PS with below median Police Office
> rs strength. 
. 
. save "${intermediate_dta}1012_vaishali-merged_prep.dta", replace
(file C:\Users\dibbo\Dropbox\Debiasing Police in India\005-Data-and-analysis-2022\03
    Randomisation\01.Officer-Survey_Randomization\vaishali-randomization\02.intermediate-data\1012_va
    > ishali-merged_prep.dta not found)
file C:\Users\dibbo\Dropbox\Debiasing Police in India\005-Data-and-analysis-2022\03
    Randomisation\01.Officer-Survey_Randomization\vaishali-randomization\02.intermediate-data\1012_va
    > ishali-merged_prep.dta saved

. 
. collapse (mean) above_median_officers, by ( ps_dist_id)

. rename  above_median_officers strata

. 
. 
. *2. Randomization of stations
. set seed 68200923

. gen random = uniform()

. egen ordem = rank(random), by (strata) unique 

. egen n_obs = count(random), by (strata)

. gen cutoff = n_obs*(1/2)

. gen cutoffA = round(cutoff)

. gen T = (ordem<= cutoffA)

. 
. save "${intermediate_dta}randomization_vaishali.dta", replace
(file C:\Users\dibbo\Dropbox\Debiasing Police in India\005-Data-and-analysis-2022\03
    Randomisation\01.Officer-Survey_Randomization\vaishali-randomization\02.intermediate-data\randomi
    > zation_vaishali.dta not found)
file C:\Users\dibbo\Dropbox\Debiasing Police in India\005-Data-and-analysis-2022\03
    Randomisation\01.Officer-Survey_Randomization\vaishali-randomization\02.intermediate-data\randomi
    > zation_vaishali.dta saved

. 
. tab T strata

           |        (mean)
           | above_median_officers
         T |         0          1 |     Total
-----------+----------------------+----------
         0 |         7          6 |        13 
         1 |         8          6 |        14 
-----------+----------------------+----------
     Total |        15         12 |        27 

. 
end of do-file

. exit, clear
