-------------------------------------------------------------------------------------------------------
      name:  <unnamed>
       log:  C:\Users\dibbo\Dropbox\Debiasing Police in India\005-Data-and-analysis-2022\03 Randomisati
> on\01.Officer-Survey_Randomization\sitamarhi-randomization\05.log-files\randomisation_sitamarhi.log
  log type:  text
 opened on:  26 Jun 2024, 17:42:41

. 
. * We will add this line from time to time if the program takes time to compute or uses a lot of loops
. noisily display as text "The date is " as result "--$S_DATE--" as text " and the time is " as result 
> "--$S_TIME
The date is --26 Jun 2024-- and the time is --17:42:41

. 
. 
. **Preparing the Dataset 
. 
. * Loading the merged baseline for Bhojpur
. use "$source\1010_sitamarhi-merged.dta"

. 
. tab po_grandtotal, missing // No missing values

      Total |
   Officers |
Strength in |
     the PS |
    (Strata |
  Variable) |      Freq.     Percent        Cum.
------------+-----------------------------------
          9 |          4        2.26        2.26
         10 |          6        3.39        5.65
         11 |          5        2.82        8.47
         12 |         10        5.65       14.12
         14 |          6        3.39       17.51
         17 |         13        7.34       24.86
         18 |         19       10.73       35.59
         21 |          6        3.39       38.98
         22 |         19       10.73       49.72
         24 |         12        6.78       56.50
         25 |         14        7.91       64.41
         26 |          7        3.95       68.36
         28 |         26       14.69       83.05
         30 |          7        3.95       87.01
         36 |          7        3.95       90.96
         42 |          6        3.39       94.35
         44 |         10        5.65      100.00
------------+-----------------------------------
      Total |        177      100.00

. 
. egen mean_officers = mean(po_grandtotal)

. egen median_officers = median(po_grandtotal)

. gen above_median_officers=(po_grandtotal>=median_officers)

. * We have on average 25 officers per station. The median is 25 officers. 
. * We have 47 stations. 24 PS should fall above the median, 23 should fall below the median.
. 
. unique ps_dist_id if above_median_officers == 1
Number of unique values of ps_dist_id is  10
Number of records is  89

. unique ps_dist_id if above_median_officers == 0 
Number of unique values of ps_dist_id is  14
Number of records is  88

. //We have 21 PS with above median number of Police Officers and 26 PS with below median Police Office
> rs strength. 
. 
. save "${intermediate_dta}1010_sitamarhi-merged_prep.dta", replace
(file C:\Users\dibbo\Dropbox\Debiasing Police in India\005-Data-and-analysis-2022\03
    Randomisation\01.Officer-Survey_Randomization\sitamarhi-randomization\02.intermediate-data\1010_s
    > itamarhi-merged_prep.dta not found)
file C:\Users\dibbo\Dropbox\Debiasing Police in India\005-Data-and-analysis-2022\03
    Randomisation\01.Officer-Survey_Randomization\sitamarhi-randomization\02.intermediate-data\1010_s
    > itamarhi-merged_prep.dta saved

. 
. collapse (mean) above_median_officers, by ( ps_dist_id)

. rename  above_median_officers strata

. 
. 
. *2. Randomization of stations
. set seed 68200923

. gen random = uniform()

. egen ordem = rank(random), by (strata) unique 

. egen n_obs = count(random), by (strata)

. gen cutoff = n_obs*(1/2)

. gen cutoffA = round(cutoff)

. gen T = (ordem<= cutoffA)

. 
end of do-file

. do "C:\Users\dibbo\AppData\Local\Temp\STD5c44_000000.tmp"

. 
. save "${intermediate_dta}randomization_sitamarhi.dta", replace
(file C:\Users\dibbo\Dropbox\Debiasing Police in India\005-Data-and-analysis-2022\03
    Randomisation\01.Officer-Survey_Randomization\sitamarhi-randomization\02.intermediate-data\random
    > ization_sitamarhi.dta not found)
file C:\Users\dibbo\Dropbox\Debiasing Police in India\005-Data-and-analysis-2022\03
    Randomisation\01.Officer-Survey_Randomization\sitamarhi-randomization\02.intermediate-data\random
    > ization_sitamarhi.dta saved

. 
. tab T strata

           |        (mean)
           | above_median_officers
         T |         0          1 |     Total
-----------+----------------------+----------
         0 |         7          5 |        12 
         1 |         7          5 |        12 
-----------+----------------------+----------
     Total |        14         10 |        24 

. 
end of do-file

. exit, clear
